// Jest Snapshot v1, https://goo.gl/fbAQLP

exports[`renders correctly when there are no items 1`] = `
<div>
  <h1>
    Name: 
     
  </h1>
  <h3>
    Country: 
  </h3>
  <p>
    Peoples have searched for this player 
     times.
  </p>
</div>
`;
